// Jest Snapshot v1, https://goo.gl/fbAQLP

exports[`<Fallback Template /> component should match its snapshot 1`] = `undefined`;
