// Jest Snapshot v1, https://goo.gl/fbAQLP

exports[`<Flight Lisiting Page /> component should match its snapshot 1`] = `undefined`;
