// Jest Snapshot v1, https://goo.gl/fbAQLP

exports[`<ItinerarySummary /> component match its snapshot 1`] = `undefined`;
