// Jest Snapshot v1, https://goo.gl/fbAQLP

exports[`<ItineraryDetails /> component should match its snapshot 1`] = `undefined`;
