// Jest Snapshot v1, https://goo.gl/fbAQLP

exports[`<FlightFilter /> component should match its snapshot 1`] = `undefined`;
